Bloque 17/796: completed
Bloque 19/796: completed
Bloque 10/796: completed
Bloque 2/796: completed
Bloque 13/796: completed
Bloque 12/796: completed
Bloque 4/796: completed
Bloque 26/796: completed
Bloque 14/796: completed
Bloque 30/796: completed
Bloque 5/796: completed
Bloque 31/796: completed
Bloque 3/796: completed
Bloque 29/796: completed
Bloque 33/796: completed
Bloque 6/796: completed
Bloque 15/796: completed
Bloque 27/796: completed
Bloque 7/796: completed
Bloque 40/796: completed
Bloque 23/796: completed
Bloque 34/796: completed
Bloque 41/796: completed
Bloque 16/796: completed
Bloque 37/796: completed
Bloque 28/796: completed
Bloque 46/796: completed
Bloque 18/796: completed
Bloque 52/796: completed
Bloque 35/796: completed
Bloque 49/796: completed
Bloque 22/796: completed
Bloque 20/796: completed
Bloque 44/796: completed
Bloque 25/796: completed
Bloque 39/796: completed
Bloque 24/796: completed
Bloque 51/796: completed
Bloque 42/796: completed
Bloque 45/796: completed
Bloque 53/796: completed
Bloque 58/796: completed
Bloque 47/796: completed
Bloque 61/796: completed
Bloque 56/796: completed
Bloque 59/796: completed
Bloque 38/796: completed
Bloque 48/796: completed
Bloque 63/796: completed
Bloque 70/796: completed
Bloque 32/796: completed
Bloque 57/796: completed
Bloque 62/796: completed
Bloque 72/796: completed
Bloque 66/796: completed
Bloque 64/796: completed
Bloque 75/796: completed
Bloque 69/796: completed
Bloque 43/796: completed
Bloque 54/796: completed
Bloque 80/796: completed
Bloque 68/796: completed
Bloque 74/796: completed
Bloque 50/796: completed
Bloque 83/796: completed
Bloque 82/796: completed
Bloque 76/796: completed
Bloque 73/796: completed
Bloque 67/796: completed
Bloque 65/796: completed
Bloque 71/796: completed
Bloque 77/796: completed
Bloque 95/796: completed
Bloque 84/796: completed
Bloque 87/796: completed
Bloque 103/796: completed
Bloque 93/796: completed
Bloque 8/796: completed
Bloque 102/796: completed
Bloque 96/796: completed
Bloque 106/796: completed
Bloque 108/796: completed
Bloque 104/796: completed
Bloque 105/796: completed
Bloque 112/796: completed
Bloque 21/796: completed
Bloque 81/796: completed
Bloque 9/796: completed
Bloque 110/796: completed
Bloque 86/796: completed
Bloque 111/796: completed
Bloque 113/796: completed
Bloque 100/796: completed
Bloque 88/796: completed
Bloque 114/796: completed
Bloque 109/796: completed
Bloque 107/796: completed
Bloque 123/796: completed
Bloque 115/796: completed
Bloque 92/796: completed
Bloque 126/796: completed
Bloque 97/796: completed
Bloque 94/796: completed
Bloque 101/796: completed
Bloque 91/796: completed
Bloque 119/796: completed
Bloque 99/796: completed
Bloque 127/796: completed
Bloque 128/796: completed
Bloque 78/796: completed
Bloque 135/796: completed
Bloque 85/796: completed
Bloque 98/796: completed
Bloque 124/796: completed
Bloque 136/796: completed
Bloque 36/796: completed
Bloque 142/796: completed
Bloque 79/796: completed
Bloque 131/796: completed
Bloque 118/796: completed
Bloque 141/796: completed
Bloque 140/796: completed
Bloque 150/796: completed
Bloque 120/796: completed
Bloque 149/796: completed
Bloque 143/796: completed
Bloque 117/796: completed
Bloque 122/796: completed
Bloque 144/796: completed
Bloque 145/796: completed
Bloque 60/796: completed
Bloque 134/796: completed
Bloque 130/796: completed
Bloque 156/796: completed
Bloque 155/796: completed
Bloque 152/796: completed
Bloque 89/796: completed
Bloque 116/796: completed
Bloque 159/796: completed
Bloque 157/796: completed
Bloque 165/796: completed
Bloque 167/796: completed
Bloque 138/796: completed
Bloque 160/796: completed
Bloque 162/796: completed
Bloque 129/796: completed
Bloque 164/796: completed
Bloque 173/796: completed
Bloque 161/796: completed
Bloque 158/796: completed
Bloque 125/796: completed
Bloque 55/796: completed
Bloque 174/796: completed
Bloque 121/796: completed
Bloque 133/796: completed
Bloque 183/796: completed
Bloque 132/796: completed
Bloque 177/796: completed
Bloque 148/796: completed
Bloque 154/796: completed
Bloque 147/796: completed
Bloque 137/796: completed
Bloque 172/796: retry 1/4 tras invalid_output; próximo max_output_tokens=32768
Bloque 163/796: completed
Bloque 187/796: completed
Bloque 170/796: completed
Bloque 153/796: completed
Bloque 168/796: completed
Bloque 181/796: completed
Bloque 194/796: completed
Bloque 178/796: completed
Bloque 180/796: completed
Bloque 191/796: completed
Bloque 189/796: completed
Bloque 179/796: retry 1/4 tras invalid_output; próximo max_output_tokens=32768
Bloque 184/796: completed
Bloque 171/796: completed
Bloque 204/796: completed
Bloque 203/796: completed
Bloque 90/796: completed
Bloque 202/796: completed
Bloque 200/796: completed
Bloque 166/796: completed
Bloque 211/796: completed
Bloque 193/796: completed
Bloque 212/796: completed
Bloque 176/796: completed
Bloque 151/796: completed
Bloque 213/796: completed
Bloque 175/796: completed
Bloque 206/796: completed
Bloque 198/796: completed
Bloque 146/796: completed
Bloque 188/796: completed
Bloque 172/796: completed
Bloque 214/796: completed
Bloque 139/796: completed
Bloque 209/796: completed
Bloque 208/796: completed
Bloque 218/796: completed
Bloque 223/796: completed
Bloque 179/796: completed
Bloque 227/796: completed
Bloque 217/796: completed
Bloque 220/796: completed
Bloque 190/796: completed
Bloque 197/796: completed
Bloque 219/796: completed
Bloque 182/796: completed
Bloque 11/796: completed
Bloque 221/796: completed
Bloque 215/796: completed
Bloque 228/796: completed
Bloque 207/796: completed
Bloque 226/796: completed
Bloque 229/796: completed
Bloque 216/796: completed
Bloque 243/796: completed
Bloque 169/796: completed
Bloque 192/796: completed
Bloque 224/796: completed
Bloque 232/796: completed
Bloque 247/796: completed
Bloque 205/796: completed
Bloque 248/796: completed
Bloque 237/796: completed
Bloque 238/796: completed
Bloque 196/796: completed
Bloque 233/796: completed
Bloque 244/796: completed
Bloque 239/796: completed
Bloque 231/796: completed
Bloque 242/796: completed
Bloque 256/796: completed
Bloque 241/796: completed
Bloque 252/796: completed
Bloque 240/796: completed
Bloque 222/796: completed
Bloque 199/796: completed
Bloque 236/796: completed
Bloque 259/796: completed
Bloque 267/796: completed
Bloque 201/796: completed
Bloque 266/796: completed
Bloque 246/796: completed
Bloque 269/796: completed
Bloque 258/796: completed
Bloque 261/796: completed
Bloque 195/796: completed
Bloque 257/796: completed
Bloque 262/796: completed
Bloque 186/796: completed
Bloque 272/796: completed
Bloque 271/796: completed
Bloque 274/796: completed
Bloque 249/796: completed
Bloque 210/796: completed
Bloque 268/796: completed
Bloque 273/796: completed
Bloque 255/796: completed
Bloque 281/796: completed
Bloque 234/796: completed
Bloque 276/796: completed
Bloque 263/796: completed
Bloque 254/796: completed
Bloque 245/796: completed
Bloque 288/796: completed
Bloque 264/796: completed
Bloque 253/796: completed
Bloque 275/796: completed
Bloque 225/796: completed
Bloque 284/796: completed
Bloque 290/796: completed
Bloque 300/796: completed
Bloque 282/796: completed
Bloque 294/796: completed
Bloque 230/796: completed
Bloque 279/796: completed
Bloque 291/796: completed
Bloque 296/796: completed
Bloque 292/796: completed
Bloque 250/796: completed
Bloque 285/796: completed
Bloque 304/796: completed
Bloque 265/796: completed
Bloque 312/796: completed
Bloque 311/796: completed
Bloque 235/796: completed
Bloque 305/796: completed
Bloque 314/796: completed
Bloque 317/796: completed
Bloque 308/796: completed
Bloque 316/796: completed
Bloque 313/796: completed
Bloque 251/796: completed
Bloque 319/796: completed
Bloque 323/796: completed
Bloque 322/796: completed
Bloque 277/796: completed
Bloque 302/796: completed
Bloque 318/796: completed
Bloque 324/796: completed
Bloque 328/796: completed
Bloque 306/796: completed
Bloque 310/796: completed
Bloque 321/796: completed
Bloque 299/796: completed
Bloque 334/796: completed
Bloque 329/796: completed
Bloque 301/796: completed
Bloque 337/796: completed
Bloque 270/796: completed
Bloque 339/796: completed
Bloque 327/796: completed
Bloque 338/796: completed
Bloque 295/796: completed
Bloque 332/796: completed
Bloque 283/796: completed
Bloque 345/796: completed
Bloque 336/796: completed
Bloque 326/796: completed
Bloque 330/796: completed
Bloque 260/796: completed
Bloque 293/796: completed
Bloque 351/796: completed
Bloque 325/796: completed
Bloque 286/796: completed
Bloque 333/796: completed
Bloque 350/796: completed
Bloque 289/796: completed
Bloque 355/796: completed
Bloque 309/796: completed
Bloque 303/796: completed
Bloque 341/796: completed
Bloque 364/796: completed
Bloque 360/796: completed
Bloque 359/796: completed
Bloque 298/796: completed
Bloque 315/796: completed
Bloque 287/796: completed
Bloque 356/796: completed
Bloque 348/796: completed
Bloque 358/796: completed
Bloque 297/796: completed
Bloque 335/796: completed
Bloque 320/796: completed
Bloque 307/796: completed
Bloque 371/796: completed
Bloque 340/796: completed
Bloque 377/796: completed
Bloque 370/796: completed
Bloque 378/796: completed
Bloque 352/796: completed
Bloque 379/796: completed
Bloque 363/796: completed
Bloque 361/796: completed
Bloque 353/796: completed
Bloque 372/796: completed
Bloque 354/796: completed
Bloque 373/796: completed
Bloque 347/796: completed
Bloque 380/796: completed
Bloque 388/796: completed
Bloque 349/796: completed
Bloque 280/796: completed
Bloque 368/796: completed
Bloque 385/796: completed
Bloque 382/796: completed
Bloque 357/796: completed
Bloque 393/796: completed
Bloque 185/796: completed
Bloque 367/796: completed
Bloque 397/796: completed
Bloque 331/796: completed
Bloque 383/796: completed
Bloque 401/796: completed
Bloque 376/796: completed
Bloque 400/796: completed
Bloque 386/796: completed
Bloque 399/796: completed
Bloque 403/796: completed
Bloque 369/796: completed
Bloque 365/796: completed
Bloque 409/796: completed
Bloque 344/796: completed
Bloque 412/796: completed
Bloque 411/796: completed
Bloque 389/796: completed
Bloque 342/796: completed
Bloque 384/796: completed
Bloque 402/796: completed
Bloque 362/796: completed
Bloque 404/796: completed
Bloque 346/796: completed
Bloque 408/796: completed
Bloque 416/796: completed
Bloque 391/796: completed
Bloque 374/796: completed
Bloque 420/796: completed
Bloque 428/796: completed
Bloque 413/796: completed
Bloque 405/796: completed
Bloque 421/796: completed
Bloque 425/796: completed
Bloque 418/796: completed
Bloque 430/796: completed
Bloque 431/796: completed
Bloque 343/796: completed
Bloque 435/796: completed
Bloque 427/796: completed
Bloque 398/796: completed
Bloque 424/796: completed
Bloque 423/796: completed
Bloque 407/796: completed
Bloque 440/796: completed
Bloque 375/796: completed
Bloque 436/796: completed
Bloque 394/796: completed
Bloque 419/796: completed
Bloque 422/796: completed
Bloque 417/796: completed
Bloque 381/796: completed
Bloque 387/796: completed
Bloque 390/796: completed
Bloque 429/796: completed
Bloque 395/796: completed
Bloque 454/796: completed
Bloque 449/796: completed
Bloque 434/796: completed
Bloque 453/796: completed
Bloque 444/796: completed
Bloque 437/796: retry 1/4 tras invalid_output; próximo max_output_tokens=32768
Bloque 443/796: completed
Bloque 432/796: completed
Bloque 439/796: completed
Bloque 426/796: completed
Bloque 455/796: completed
Bloque 446/796: completed
Bloque 415/796: completed
Bloque 438/796: completed
Bloque 462/796: completed
Bloque 406/796: completed
Bloque 441/796: completed
Bloque 467/796: completed
Bloque 433/796: completed
Bloque 473/796: completed
Bloque 471/796: completed
Bloque 460/796: completed
Bloque 396/796: completed
Bloque 472/796: completed
Bloque 442/796: completed
Bloque 450/796: completed
Bloque 456/796: completed
Bloque 459/796: completed
Bloque 457/796: completed
Bloque 414/796: completed
Bloque 468/796: completed
Bloque 484/796: completed
Bloque 470/796: completed
Bloque 410/796: completed
Bloque 483/796: completed
Bloque 445/796: completed
Bloque 448/796: completed
Bloque 469/796: completed
Bloque 485/796: completed
Bloque 464/796: completed
Bloque 392/796: completed
Bloque 486/796: completed
Bloque 489/796: completed
Bloque 437/796: completed
Bloque 495/796: completed
Bloque 478/796: completed
Bloque 465/796: completed
Bloque 479/796: completed
Bloque 488/796: completed
Bloque 496/796: completed
Bloque 458/796: completed
Bloque 490/796: completed
Bloque 476/796: completed
Bloque 498/796: completed
Bloque 493/796: completed
Bloque 502/796: completed
Bloque 475/796: completed
Bloque 487/796: completed
Bloque 500/796: completed
Bloque 512/796: completed
Bloque 492/796: completed
Bloque 451/796: completed
Bloque 497/796: completed
Bloque 482/796: completed
Bloque 511/796: completed
Bloque 503/796: completed
Bloque 494/796: completed
Bloque 517/796: completed
Bloque 506/796: completed
Bloque 521/796: completed
Bloque 523/796: completed
Bloque 466/796: completed
Bloque 474/796: completed
Bloque 510/796: completed
Bloque 447/796: completed
Bloque 528/796: completed
Bloque 515/796: completed
Bloque 522/796: completed
Bloque 480/796: completed
Bloque 531/796: completed
Bloque 525/796: completed
Bloque 477/796: completed
Bloque 513/796: completed
Bloque 508/796: completed
Bloque 514/796: completed
Bloque 530/796: completed
Bloque 534/796: completed
Bloque 507/796: completed
Bloque 536/796: completed
Bloque 541/796: completed
Bloque 509/796: completed
Bloque 518/796: completed
Bloque 499/796: completed
Bloque 524/796: completed
Bloque 504/796: completed
Bloque 539/796: completed
Bloque 544/796: completed
Bloque 520/796: completed
Bloque 540/796: completed
Bloque 551/796: completed
Bloque 461/796: retry 1/4 tras incomplete; próximo max_output_tokens=65536
Bloque 552/796: completed
Bloque 463/796: completed
Bloque 526/796: completed
Bloque 527/796: completed
Bloque 553/796: completed
Bloque 549/796: completed
Bloque 516/796: completed
Bloque 554/796: completed
Bloque 542/796: completed
Bloque 529/796: completed
Bloque 548/796: completed
Bloque 533/796: completed
Bloque 505/796: completed
Bloque 558/796: completed
Bloque 532/796: completed
Bloque 555/796: completed
Bloque 562/796: completed
Bloque 543/796: completed
Bloque 556/796: completed
Bloque 565/796: completed
Bloque 571/796: completed
Bloque 501/796: completed
Bloque 557/796: completed
Bloque 547/796: completed
Bloque 564/796: completed
Bloque 537/796: completed
Bloque 546/796: completed
Bloque 545/796: completed
Bloque 481/796: retry 1/4 tras incomplete; próximo max_output_tokens=65536
Bloque 567/796: completed
Bloque 580/796: completed
Bloque 566/796: completed
Bloque 535/796: completed
Bloque 576/796: completed
Bloque 581/796: completed
Bloque 579/796: completed
Bloque 575/796: completed
Bloque 588/796: completed
Bloque 570/796: completed
Bloque 589/796: completed
Bloque 538/796: completed
Bloque 573/796: completed
Bloque 563/796: completed
Bloque 568/796: completed
Bloque 595/796: completed
Bloque 577/796: completed
Bloque 550/796: completed
Bloque 582/796: completed
Bloque 583/796: completed
Bloque 569/796: completed
Bloque 561/796: completed
Bloque 602/796: completed
Bloque 594/796: completed
Bloque 592/796: completed
Bloque 587/796: completed
Bloque 607/796: completed
Bloque 560/796: completed
Bloque 597/796: completed
Bloque 578/796: completed
Bloque 574/796: completed
Bloque 609/796: completed
Bloque 608/796: completed
Bloque 610/796: completed
Bloque 585/796: completed
Bloque 590/796: completed
Bloque 586/796: completed
Bloque 596/796: completed
Bloque 615/796: completed
Bloque 620/796: completed
Bloque 616/796: completed
Bloque 601/796: completed
Bloque 600/796: completed
Bloque 625/796: completed
Bloque 624/796: completed
Bloque 621/796: completed
Bloque 572/796: completed
Bloque 628/796: completed
Bloque 629/796: completed
Bloque 519/796: completed
Bloque 619/796: completed
Bloque 623/796: completed
Bloque 631/796: completed
Bloque 593/796: completed
Bloque 630/796: completed
Bloque 613/796: completed
Bloque 636/796: completed
Bloque 614/796: completed
Bloque 612/796: completed
Bloque 617/796: completed
Bloque 461/796: completed
Bloque 278/796: completed
Bloque 643/796: completed
Bloque 591/796: completed
Bloque 637/796: completed
Bloque 638/796: completed
Bloque 644/796: completed
Bloque 598/796: completed
Bloque 622/796: completed
Bloque 611/796: completed
Bloque 648/796: completed
Bloque 652/796: completed
Bloque 654/796: completed
Bloque 642/796: completed
Bloque 653/796: completed
Bloque 481/796: completed
Bloque 606/796: completed
Bloque 655/796: completed
Bloque 661/796: completed
Bloque 626/796: completed
Bloque 634/796: completed
Bloque 651/796: completed
Bloque 584/796: completed
Bloque 660/796: completed
Bloque 559/796: completed
Bloque 650/796: completed
Bloque 659/796: completed
Bloque 641/796: completed
Bloque 667/796: completed
Bloque 666/796: completed
Bloque 639/796: completed
Bloque 618/796: completed
Bloque 665/796: completed
Bloque 656/796: completed
Bloque 672/796: completed
Bloque 670/796: completed
Bloque 646/796: completed
Bloque 673/796: completed
Bloque 649/796: completed
Bloque 662/796: completed
Bloque 668/796: completed
Bloque 599/796: completed
Bloque 671/796: completed
Bloque 657/796: completed
Bloque 685/796: completed
Bloque 669/796: completed
Bloque 674/796: completed
Bloque 679/796: completed
Bloque 658/796: completed
Bloque 604/796: retry 1/4 tras incomplete; próximo max_output_tokens=65536
Bloque 366/796: retry 1/4 tras transport_error; próximo max_output_tokens=32768
Bloque 605/796: retry 1/4 tras incomplete; próximo max_output_tokens=65536
Bloque 677/796: completed
Bloque 640/796: completed
Bloque 675/796: completed
Bloque 491/796: completed
Bloque 632/796: completed
Bloque 645/796: completed
Bloque 676/796: completed
Bloque 627/796: completed
Bloque 603/796: completed
Bloque 690/796: completed
Bloque 687/796: completed
Bloque 647/796: completed
Bloque 663/796: completed
Bloque 680/796: completed
Bloque 695/796: completed
Bloque 664/796: completed
Bloque 701/796: completed
Bloque 694/796: completed
Bloque 699/796: completed
Bloque 686/796: completed
Bloque 683/796: completed
Bloque 366/796: completed
Bloque 684/796: completed
Bloque 678/796: completed
Bloque 635/796: completed
Bloque 698/796: completed
Bloque 713/796: completed
Bloque 633/796: completed
Bloque 720/796: completed
Bloque 697/796: completed
Bloque 721/796: completed
Bloque 691/796: completed
Bloque 710/796: retry 1/4 tras invalid_output; próximo max_output_tokens=32768
Bloque 682/796: completed
Bloque 700/796: completed
Bloque 696/796: completed
Bloque 704/796: completed
Bloque 714/796: completed
Bloque 726/796: completed
Bloque 702/796: completed
Bloque 719/796: completed
Bloque 727/796: completed
Bloque 693/796: completed
Bloque 710/796: completed
Bloque 711/796: completed
Bloque 707/796: completed
Bloque 730/796: completed
Bloque 692/796: completed
Bloque 731/796: completed
Bloque 688/796: completed
Bloque 709/796: completed
Bloque 723/796: completed
Bloque 717/796: completed
Bloque 718/796: completed
Bloque 736/796: completed
Bloque 737/796: completed
Bloque 722/796: completed
Bloque 732/796: completed
Bloque 744/796: completed
Bloque 715/796: completed
Bloque 747/796: completed
Bloque 689/796: completed
Bloque 735/796: completed
Bloque 706/796: completed
Bloque 743/796: completed
Bloque 752/796: completed
Bloque 748/796: completed
Bloque 751/796: completed
Bloque 753/796: completed
Bloque 728/796: completed
Bloque 749/796: completed
Bloque 712/796: completed
Bloque 750/796: completed
Bloque 716/796: completed
Bloque 755/796: completed
Bloque 739/796: completed
Bloque 708/796: completed
Bloque 605/796: completed
Bloque 733/796: completed
Bloque 724/796: completed
Bloque 738/796: completed
Bloque 757/796: completed
Bloque 745/796: completed
Bloque 771/796: completed
Bloque 761/796: completed
Bloque 774/796: completed
Bloque 769/796: completed
Bloque 742/796: completed
Bloque 775/796: completed
Bloque 763/796: completed
Bloque 772/796: completed
Bloque 725/796: completed
Bloque 781/796: completed
Bloque 741/796: completed
Bloque 729/796: completed
Bloque 780/796: completed
Bloque 740/796: completed
Bloque 767/796: completed
Bloque 681/796: completed
Bloque 759/796: completed
Bloque 773/796: completed
Bloque 778/796: completed
Bloque 783/796: completed
Bloque 754/796: completed
Bloque 788/796: completed
Bloque 791/796: completed
Bloque 784/796: completed
Bloque 779/796: completed
Bloque 794/796: completed
Bloque 776/796: completed
Bloque 746/796: completed
Bloque 777/796: completed
Bloque 760/796: completed
Bloque 770/796: completed
Bloque 786/796: completed
Bloque 789/796: completed
Bloque 782/796: completed
Bloque 790/796: completed
Bloque 785/796: completed
Bloque 756/796: completed
Bloque 765/796: completed
Bloque 795/796: completed
Bloque 705/796: completed
Bloque 734/796: completed
Bloque 787/796: completed
Bloque 758/796: completed
Bloque 604/796: completed
Bloque 768/796: completed
Bloque 764/796: completed
Bloque 766/796: completed
Bloque 792/796: completed
Bloque 762/796: completed
Bloque 793/796: completed
Bloque 796/796: completed
Bloque 703/796: completed
FINAL {'completed': 796}
